// Vitest Snapshot v1, https://vitest.dev/guide/snapshot.html

exports[`Invoice PDF — InvoicePdf component > snapshot — text content stable across runs 1`] = `"FC Sportfreunde 1910 Dossenheim Bahnhofstr. 1 69221 Dossenheim USt-IdNr: DE123456789 IBAN: DE89 3704 0044 0532 0130 00 Familie Müller familie.mueller@example.com Rechnung 2026-05-001 Leistungszeitraum 2026-05 Rechnungsdatum 31.05.2026 DATUM SPIEL ANLASS BETRAG 1.5.2026 FC Dossenheim vs. TSV Handschuhsheim Tor 5,00 € 1.5.2026 FC Dossenheim vs. TSV Handschuhsheim Sieg 10,00 € Gesamtbetrag 15,00 € Gemäß § 19 UStG wird keine Umsatzsteuer ausgewiesen. Die Beträge sind als Brut- tobeträge zu verstehen. Bitte überweisen Sie den Gesamtbetrag innerhalb von 14 Tagen auf IBAN DE89 3704 0044 0532 0130 00. Erzeugt mit KickPact · Performance-Sponsoring im Amateurfußball · kickpact.de -- 1 of 1 --"`;
