// Vitest Snapshot v1, https://vitest.dev/guide/snapshot.html

exports[`Invoice PDF — InvoicePdf component > snapshot — text content stable across runs 1`] = `"FC Sportfreunde 1910 Dossenheim Bahnhofstr. 1 69221 Dossenheim IBAN: DE89 3704 0044 0532 0130 00 Familie Müller familie.mueller@example.com Zahlungsübersicht 2026-05-001 Zeitraum 2026-05 Datum 31.05.2026 DATUM SPIEL ANLASS BETRAG 1.5.2026 FC Dossenheim vs. TSV Handschuhsheim Tor 5,00 € 1.5.2026 FC Dossenheim vs. TSV Handschuhsheim Sieg 10,00 € Gesamtbetrag 15,00 € ZAHLUNG Dein zugesagter Unterstützungsbeitrag: bitte überweise 15,00 € innerhalb von 14 Tagen an: FC Sportfreunde 1910 Dossenheim IBAN: DE89 3704 0044 0532 0130 00 Verwendungszweck: 2026-05-001 Zugesagter Unterstützungsbeitrag: bitte innerhalb von 14 Tagen überweisen (IBAN DE89 3704 0044 0532 0130 00). Erzeugt mit KickPact · Performance-Sponsoring im Amateurfußball · kickpact.com -- 1 of 1 --"`;
